###############################################################################
#
# IAR ELF Linker V8.22.2.15995/W32 for ARM                11/Jul/2018  13:01:42
# Copyright 2007-2018 IAR Systems AB.
#
#    Output file  =  D:\Work\workspace\IAR\SPI & L3GD20\Debug\Exe\myproject.out
#    Map file     =  
#        D:\Work\workspace\IAR\SPI & L3GD20\Debug\List\myproject.map
#    Command line =  
#        -f C:\Users\Ivan\AppData\Local\Temp\EWFB72.tmp
#        ("D:\Work\workspace\IAR\SPI & L3GD20\Debug\Obj\main.o"
#        "D:\Work\workspace\IAR\SPI & L3GD20\Debug\Obj\startup_stm32f303xc.o"
#        "D:\Work\workspace\IAR\SPI & L3GD20\Debug\Obj\stm32f30x_gpio.o"
#        "D:\Work\workspace\IAR\SPI & L3GD20\Debug\Obj\stm32f30x_it.o"
#        "D:\Work\workspace\IAR\SPI & L3GD20\Debug\Obj\stm32f30x_misc.o"
#        "D:\Work\workspace\IAR\SPI & L3GD20\Debug\Obj\stm32f30x_rcc.o"
#        "D:\Work\workspace\IAR\SPI & L3GD20\Debug\Obj\stm32f30x_syscfg.o"
#        "D:\Work\workspace\IAR\SPI & L3GD20\Debug\Obj\stm32f30x_tim.o"
#        "D:\Work\workspace\IAR\SPI & L3GD20\Debug\Obj\system_stm32f30x.o" -o
#        "D:\Work\workspace\IAR\SPI & L3GD20\Debug\Exe\myproject.out"
#        --redirect _Printf=_PrintfFullNoMb --redirect _Scanf=_ScanfFullNoMb
#        --map "D:\Work\workspace\IAR\SPI & L3GD20\Debug\List\myproject.map"
#        --config "C:\Program Files (x86)\IAR Systems\Embedded Workbench
#        8.0\arm\config\linker\ST\stm32f303xC.icf" --semihosting --entry
#        __iar_program_start --vfe --text_out locale)
#
###############################################################################

*******************************************************************************
*** MESSAGES
***

Error[Li005]: no definition for "SPI_I2S_GetFlagStatus" [referenced from
          D:\Work\workspace\IAR\SPI & L3GD20\Debug\Obj\main.o]
Error[Li005]: no definition for "SPI_SendData8" [referenced from
          D:\Work\workspace\IAR\SPI & L3GD20\Debug\Obj\main.o]
Error[Li005]: no definition for "SPI_ReceiveData8" [referenced from
          D:\Work\workspace\IAR\SPI & L3GD20\Debug\Obj\main.o]
Error[Li005]: no definition for "SPI_Init" [referenced from
          D:\Work\workspace\IAR\SPI & L3GD20\Debug\Obj\main.o]
Error[Li005]: no definition for "SPI_Cmd" [referenced from
          D:\Work\workspace\IAR\SPI & L3GD20\Debug\Obj\main.o]
Error[Li005]: no definition for "SPI_RxFIFOThresholdConfig" [referenced from
          D:\Work\workspace\IAR\SPI & L3GD20\Debug\Obj\main.o]
Error[Li005]: no definition for "SPI_DataSizeConfig" [referenced from
          D:\Work\workspace\IAR\SPI & L3GD20\Debug\Obj\main.o]


*******************************************************************************
*** RUNTIME MODEL ATTRIBUTES
***

CppFlavor       = *
__SystemLibrary = DLib
__dlib_version  = 6


*******************************************************************************
*** HEAP SELECTION
***

The basic heap was selected because no calls to memory allocation
functions were found in the application outside of system library
functions, and there are calls to deallocation functions in the
application.


*******************************************************************************
*** PLACEMENT SUMMARY
***

"A0":  place at 0x08000000 { ro section .intvec };
"P1":  place in [from 0x08000000 to 0x0803ffff] { ro };
define block CSTACK with size = 8K, alignment = 8 { };
define block HEAP with size = 8K, alignment = 8 { };
"P2":  place in [from 0x20000000 to 0x20009fff] {
          rw, block CSTACK, block HEAP };

No sections matched the following patterns:

  section .ccmram  in "P3"


  Section          Kind        Address    Size  Object
  -------          ----        -------    ----  ------
"A0":                                    0x188
  .intvec          ro code  0x08000000   0x188  startup_stm32f303xc.o [1]
                          - 0x08000188   0x188

"P1":                                    0xe04
  .text            ro code  0x08000188   0x330  main.o [1]
  .text            ro code  0x080004b8    0x6c  stm32f30x_rcc.o [1]
  .text            ro code  0x08000524    0xfe  stm32f30x_gpio.o [1]
  .text            ro code  0x08000622    0x12  stm32f30x_it.o [1]
  .text            ro code  0x08000634   0x11c  stm32f30x_tim.o [1]
  .text            ro code  0x08000750    0x48  FltToDbl.o [4]
  .text            ro code  0x08000798    0x22  S32ToDbl.o [4]
  .text            ro code  0x080007bc   0x1a2  DblMul.o [4]
  .text            ro code  0x08000960   0x178  DblAdd.o [4]
  .text            ro code  0x08000ad8    0x68  DblToFlt.o [4]
  .text            ro code  0x08000b40    0xe2  DblSub.o [4]
  .text            ro code  0x08000c24   0x164  system_stm32f30x.o [1]
  .text            ro code  0x08000d88    0x40  zero_init3.o [5]
  .text            ro code  0x08000dc8    0x28  data_init.o [5]
  .text            ro code  0x08000df0    0x22  fpinit_M.o [4]
  .iar.init_table  const    0x08000e14    0x10  - Linker created -
  .text            ro code  0x08000e24    0x1e  cmain.o [5]
  .text            ro code  0x08000e42     0x4  low_level_init.o [3]
  .text            ro code  0x08000e46     0x4  exit.o [3]
  .text            ro code  0x08000e4c     0xa  cexit.o [5]
  .text            ro code  0x08000e58    0x14  exit.o [6]
  .text            ro code  0x08000e6c    0x10  startup_stm32f303xc.o [1]
  .text            ro code  0x08000e7c     0xc  cstartup_M.o [5]
  .text            ro code  0x08000e88     0x4  startup_stm32f303xc.o [1]
  .text            ro code  0x08000e8c     0x4  startup_stm32f303xc.o [1]
  .text            ro code  0x08000e90     0x4  startup_stm32f303xc.o [1]
  .text            ro code  0x08000e94     0x4  startup_stm32f303xc.o [1]
  .text            ro code  0x08000e98     0x4  startup_stm32f303xc.o [1]
  .text            ro code  0x08000e9c     0x4  startup_stm32f303xc.o [1]
  .text            ro code  0x08000ea0     0x4  startup_stm32f303xc.o [1]
  .text            ro code  0x08000ea4     0x4  startup_stm32f303xc.o [1]
  .text            ro code  0x08000ea8     0x4  startup_stm32f303xc.o [1]
  .text            ro code  0x08000eac     0x4  startup_stm32f303xc.o [1]
  .text            ro code  0x08000eb0     0x4  startup_stm32f303xc.o [1]
  .text            ro code  0x08000eb4     0x4  startup_stm32f303xc.o [1]
  .text            ro code  0x08000eb8     0x4  startup_stm32f303xc.o [1]
  .text            ro code  0x08000ebc     0x4  startup_stm32f303xc.o [1]
  .text            ro code  0x08000ec0     0x4  startup_stm32f303xc.o [1]
  .text            ro code  0x08000ec4     0x4  startup_stm32f303xc.o [1]
  .text            ro code  0x08000ec8     0x4  startup_stm32f303xc.o [1]
  .text            ro code  0x08000ecc     0x4  startup_stm32f303xc.o [1]
  .text            ro code  0x08000ed0     0x4  startup_stm32f303xc.o [1]
  .text            ro code  0x08000ed4     0x4  startup_stm32f303xc.o [1]
  .text            ro code  0x08000ed8     0x4  startup_stm32f303xc.o [1]
  .text            ro code  0x08000edc     0x4  startup_stm32f303xc.o [1]
  .text            ro code  0x08000ee0     0x4  startup_stm32f303xc.o [1]
  .text            ro code  0x08000ee4     0x4  startup_stm32f303xc.o [1]
  .text            ro code  0x08000ee8     0x4  startup_stm32f303xc.o [1]
  .text            ro code  0x08000eec     0x4  startup_stm32f303xc.o [1]
  .text            ro code  0x08000ef0     0x4  startup_stm32f303xc.o [1]
  .text            ro code  0x08000ef4     0x4  startup_stm32f303xc.o [1]
  .text            ro code  0x08000ef8     0x4  startup_stm32f303xc.o [1]
  .text            ro code  0x08000efc     0x4  startup_stm32f303xc.o [1]
  .text            ro code  0x08000f00     0x4  startup_stm32f303xc.o [1]
  .text            ro code  0x08000f04     0x4  startup_stm32f303xc.o [1]
  .text            ro code  0x08000f08     0x4  startup_stm32f303xc.o [1]
  .text            ro code  0x08000f0c     0x4  startup_stm32f303xc.o [1]
  .text            ro code  0x08000f10     0x4  startup_stm32f303xc.o [1]
  .text            ro code  0x08000f14     0x4  startup_stm32f303xc.o [1]
  .text            ro code  0x08000f18     0x4  startup_stm32f303xc.o [1]
  .text            ro code  0x08000f1c     0x4  startup_stm32f303xc.o [1]
  .text            ro code  0x08000f20     0x4  startup_stm32f303xc.o [1]
  .text            ro code  0x08000f24     0x4  startup_stm32f303xc.o [1]
  .text            ro code  0x08000f28     0x4  startup_stm32f303xc.o [1]
  .text            ro code  0x08000f2c     0x4  startup_stm32f303xc.o [1]
  .text            ro code  0x08000f30     0x4  startup_stm32f303xc.o [1]
  .text            ro code  0x08000f34     0x4  startup_stm32f303xc.o [1]
  .text            ro code  0x08000f38     0x4  startup_stm32f303xc.o [1]
  .text            ro code  0x08000f3c     0x4  startup_stm32f303xc.o [1]
  .text            ro code  0x08000f40     0x4  startup_stm32f303xc.o [1]
  .text            ro code  0x08000f44     0x4  startup_stm32f303xc.o [1]
  .text            ro code  0x08000f48     0x4  startup_stm32f303xc.o [1]
  .text            ro code  0x08000f4c     0x4  startup_stm32f303xc.o [1]
  .text            ro code  0x08000f50     0x4  startup_stm32f303xc.o [1]
  .text            ro code  0x08000f54     0x4  startup_stm32f303xc.o [1]
  .text            ro code  0x08000f58     0x4  startup_stm32f303xc.o [1]
  .text            ro code  0x08000f5c     0x4  startup_stm32f303xc.o [1]
  .text            ro code  0x08000f60     0x4  startup_stm32f303xc.o [1]
  .text            ro code  0x08000f64     0x4  startup_stm32f303xc.o [1]
  .text            ro code  0x08000f68     0x4  startup_stm32f303xc.o [1]
  .text            ro code  0x08000f6c     0x4  startup_stm32f303xc.o [1]
  .text            ro code  0x08000f70     0x4  startup_stm32f303xc.o [1]
  .text            ro code  0x08000f74     0x4  startup_stm32f303xc.o [1]
  .text            ro code  0x08000f78     0x4  startup_stm32f303xc.o [1]
  .text            ro code  0x08000f7c     0x4  startup_stm32f303xc.o [1]
  .text            ro code  0x08000f80     0x4  startup_stm32f303xc.o [1]
  .text            ro code  0x08000f84     0x4  startup_stm32f303xc.o [1]
  .text            ro code  0x08000f88     0x4  startup_stm32f303xc.o [1]
  .rodata          const    0x08000f8c     0x0  zero_init3.o [5]
                          - 0x08000f8c   0xe04

"P2", part 1 of 2:                        0x3c
  .bss             zero     0x20000000    0x14  main.o [1]
  .bss             zero     0x20000014     0xc  main.o [1]
  .bss             zero     0x20000020     0x8  main.o [1]
  .bss             zero     0x20000028     0x8  main.o [1]
  .bss             zero     0x20000030     0x4  main.o [1]
  .bss             zero     0x20000034     0x2  main.o [1]
  .bss             zero     0x20000036     0x2  main.o [1]
  .bss             zero     0x20000038     0x1  main.o [1]
                          - 0x20000039    0x39

"P2", part 2 of 2:                      0x2000
  CSTACK                    0x20000040  0x2000  <Block>
    CSTACK         uninit   0x20000040  0x2000  <Block tail>
                          - 0x20002040  0x2000


*******************************************************************************
*** INIT TABLE
***

          Address     Size
          -------     ----
Zero (__iar_zero_init3)
    1 destination range, total size 0x39:
          0x20000000  0x39



*******************************************************************************
*** MODULE SUMMARY
***

    Module                 ro code  ro data  rw data
    ------                 -------  -------  -------
D:\Work\workspace\IAR\SPI & L3GD20\Debug\Obj: [1]
    main.o                     816                57
    startup_stm32f303xc.o      668
    stm32f30x_gpio.o           254
    stm32f30x_it.o              18
    stm32f30x_rcc.o            108
    stm32f30x_tim.o            284
    system_stm32f30x.o         356
    ------------------------------------------------
    Total:                   2 504                57

command line: [2]
    ------------------------------------------------
    Total:

dl7M_tln.a: [3]
    exit.o                       4
    low_level_init.o             4
    ------------------------------------------------
    Total:                       8

m7M_tls.a: [4]
    DblAdd.o                   376
    DblMul.o                   418
    DblSub.o                   226
    DblToFlt.o                 104
    FltToDbl.o                  72
    S32ToDbl.o                  34
    fpinit_M.o                  34
    ------------------------------------------------
    Total:                   1 264

rt7M_tl.a: [5]
    cexit.o                     10
    cmain.o                     30
    cstartup_M.o                12
    data_init.o                 40
    zero_init3.o                64
    ------------------------------------------------
    Total:                     156

shb_l.a: [6]
    exit.o                      20
    ------------------------------------------------
    Total:                      20

    Gaps                        10        2
    Linker created                       16    8 192
----------------------------------------------------
    Grand Total:             3 962       18    8 249


*******************************************************************************
*** ENTRY LIST
***

Entry                      Address   Size  Type      Object
-----                      -------   ----  ----      ------
.iar.init_table$$Base   0x08000e14          --   Gb  - Linker created -
.iar.init_table$$Limit  0x08000e24          --   Gb  - Linker created -
?main                   0x08000e25         Code  Gb  cmain.o [5]
BusFault_Handler        0x08000629    0x2  Code  Gb  stm32f30x_it.o [1]
CSTACK$$Base            0x20000040          --   Gb  - Linker created -
CSTACK$$Limit           0x20002040          --   Gb  - Linker created -
DebugMon_Handler        0x0800062f    0x2  Code  Gb  stm32f30x_it.o [1]
GPIO_Init               0x08000525   0xa0  Code  Gb  stm32f30x_gpio.o [1]
GPIO_PinAFConfig        0x080005cf   0x54  Code  Gb  stm32f30x_gpio.o [1]
GPIO_ResetBits          0x080005cb    0x4  Code  Gb  stm32f30x_gpio.o [1]
GPIO_SetBits            0x080005c5    0x6  Code  Gb  stm32f30x_gpio.o [1]
HardFault_Handler       0x08000625    0x2  Code  Gb  stm32f30x_it.o [1]
MemManage_Handler       0x08000627    0x2  Code  Gb  stm32f30x_it.o [1]
NMI_Handler             0x08000623    0x2  Code  Gb  stm32f30x_it.o [1]
NVIC_EnableIRQ          0x08000189   0x14  Code  Lc  main.o [1]
PendSV_Handler          0x08000631    0x2  Code  Gb  stm32f30x_it.o [1]
RCC_AHBPeriphClockCmd   0x080004b9   0x20  Code  Gb  stm32f30x_rcc.o [1]
RCC_APB1PeriphClockCmd  0x080004f9   0x20  Code  Gb  stm32f30x_rcc.o [1]
RCC_APB2PeriphClockCmd  0x080004d9   0x20  Code  Gb  stm32f30x_rcc.o [1]
Region$$Table$$Base     0x08000e14          --   Gb  - Linker created -
Region$$Table$$Limit    0x08000e24          --   Gb  - Linker created -
SVC_Handler             0x0800062d    0x2  Code  Gb  stm32f30x_it.o [1]
SetSysClock             0x08000c9b   0xc2  Code  Lc  system_stm32f30x.o [1]
SysTick_Handler         0x08000633    0x2  Code  Gb  stm32f30x_it.o [1]
SystemInit              0x08000c25   0x76  Code  Gb  system_stm32f30x.o [1]
TIM2_IRQHandler         0x0800037b  0x102  Code  Gb  main.o [1]
TIM_ClearITPendingBit   0x0800071f    0x8  Code  Gb  stm32f30x_tim.o [1]
TIM_Cmd                 0x080006e7   0x1c  Code  Gb  stm32f30x_tim.o [1]
TIM_ITConfig            0x08000703   0x1c  Code  Gb  stm32f30x_tim.o [1]
TIM_TimeBaseInit        0x08000635   0x9a  Code  Gb  stm32f30x_tim.o [1]
TIM_TimeBaseStructInit  0x080006cf   0x18  Code  Gb  stm32f30x_tim.o [1]
UsageFault_Handler      0x0800062b    0x2  Code  Gb  stm32f30x_it.o [1]
__aeabi_d2f             0x08000ad9         Code  Gb  DblToFlt.o [4]
__aeabi_dadd            0x08000961         Code  Gb  DblAdd.o [4]
__aeabi_dmul            0x080007bd         Code  Gb  DblMul.o [4]
__aeabi_dsub            0x08000b41         Code  Gb  DblSub.o [4]
__aeabi_f2d             0x08000751         Code  Gb  FltToDbl.o [4]
__aeabi_i2d             0x08000799         Code  Gb  S32ToDbl.o [4]
__cmain                 0x08000e25         Code  Gb  cmain.o [5]
__exit                  0x08000e59   0x14  Code  Gb  exit.o [6]
__iar_dadd              0x08000b51         Code  Gb  DblSub.o [4]
__iar_data_init3        0x08000dc9   0x28  Code  Gb  data_init.o [5]
__iar_dsub              0x08000971         Code  Gb  DblAdd.o [4]
__iar_dsubStart         0x08000983         Code  Gb  DblAdd.o [4]
__iar_init_vfp          0x08000df1         Code  Gb  fpinit_M.o [4]
__iar_program_start     0x08000e7d         Code  Gb  cstartup_M.o [5]
__iar_systems$$module {Abs}
                        0x00000001         Data  Gb  command line/config [2]
__iar_zero_init3        0x08000d89   0x40  Code  Gb  zero_init3.o [5]
__low_level_init        0x08000e43    0x4  Code  Gb  low_level_init.o [3]
__vector_table          0x08000000         Data  Gb  startup_stm32f303xc.o [1]
_call_main              0x08000e31         Code  Gb  cmain.o [5]
_exit                   0x08000e4d         Code  Gb  cexit.o [5]
_main                   0x08000e3f         Code  Gb  cmain.o [5]
exit                    0x08000e47    0x4  Code  Gb  exit.o [3]
gpio                    0x20000020    0x8  Data  Gb  main.o [1]
initAll                 0x0800019d  0x114  Code  Gb  main.o [1]
main                    0x0800033f   0x3c  Code  Gb  main.o [1]
receiveData             0x20000028    0x8  Data  Gb  main.o [1]
sendByte                0x080002b1   0x66  Code  Gb  main.o [1]
spi                     0x20000000   0x14  Data  Gb  main.o [1]
timeout                 0x20000034    0x2  Data  Gb  main.o [1]
timer                   0x20000014    0xc  Data  Gb  main.o [1]
writeData               0x08000317   0x28  Code  Gb  main.o [1]
xPosition               0x20000030    0x4  Data  Gb  main.o [1]
xResult                 0x20000036    0x2  Data  Gb  main.o [1]
xSign                   0x20000038    0x1  Data  Gb  main.o [1]


[1] = D:\Work\workspace\IAR\SPI & L3GD20\Debug\Obj
[2] = command line
[3] = dl7M_tln.a
[4] = m7M_tls.a
[5] = rt7M_tl.a
[6] = shb_l.a

  3 962 bytes of readonly  code memory
     18 bytes of readonly  data memory
  8 249 bytes of readwrite data memory

Errors: 7
Warnings: none
